---------------------------------------------------------------------------------------------------------------------------------
      name:  <unnamed>
       log:  C:\Users\Chong An\Documents\GitHub\stata_practice\build_dataset\temp/append.log
  log type:  text
 opened on:  23 Jun 2017, 19:52:57

. 
. /********************** Section 2: Import raw data *************************/
. 
. local files : dir "`input_dir'\" files "*.csv"

. cd "`input_dir'"
C:\Users\Chong An\Documents\GitHub\stata_practice\build_dataset\input

. foreach file in `files'{
  2.         insheet using "`file'", comma clear
  3.         save "`file'.dta", replace
  4.         }
(15 vars, 356 obs)
(note: file tennis_1159684.csv.dta not found)
file tennis_1159684.csv.dta saved
(15 vars, 376 obs)
(note: file tennis_1159756.csv.dta not found)
file tennis_1159756.csv.dta saved
(15 vars, 392 obs)
(note: file tennis_1159759.csv.dta not found)
file tennis_1159759.csv.dta saved
(15 vars, 372 obs)
(note: file tennis_1159762.csv.dta not found)
file tennis_1159762.csv.dta saved
(15 vars, 354 obs)
(note: file tennis_1159765.csv.dta not found)
file tennis_1159765.csv.dta saved
(15 vars, 398 obs)
(note: file tennis_1159768.csv.dta not found)
file tennis_1159768.csv.dta saved
(15 vars, 370 obs)
(note: file tennis_1159774.csv.dta not found)
file tennis_1159774.csv.dta saved
(15 vars, 379 obs)
(note: file tennis_1159777.csv.dta not found)
file tennis_1159777.csv.dta saved
(15 vars, 372 obs)
(note: file tennis_1303952.csv.dta not found)
file tennis_1303952.csv.dta saved
(15 vars, 395 obs)
(note: file tennis_1303955.csv.dta not found)
file tennis_1303955.csv.dta saved
(15 vars, 401 obs)
(note: file tennis_1303958.csv.dta not found)
file tennis_1303958.csv.dta saved
(15 vars, 355 obs)
(note: file tennis_1303961.csv.dta not found)
file tennis_1303961.csv.dta saved
(15 vars, 369 obs)
(note: file tennis_1303964.csv.dta not found)
file tennis_1303964.csv.dta saved
(15 vars, 358 obs)
(note: file tennis_1303967.csv.dta not found)
file tennis_1303967.csv.dta saved
(15 vars, 395 obs)
(note: file tennis_1303970.csv.dta not found)
file tennis_1303970.csv.dta saved
(15 vars, 380 obs)
(note: file tennis_1303973.csv.dta not found)
file tennis_1303973.csv.dta saved
(15 vars, 729 obs)
(note: file tennis_1464749.csv.dta not found)
file tennis_1464749.csv.dta saved
(15 vars, 658 obs)
(note: file tennis_1464757.csv.dta not found)
file tennis_1464757.csv.dta saved
(15 vars, 723 obs)
(note: file tennis_1464760.csv.dta not found)
file tennis_1464760.csv.dta saved
(15 vars, 721 obs)
(note: file tennis_1464763.csv.dta not found)
file tennis_1464763.csv.dta saved
(15 vars, 647 obs)
(note: file tennis_1464766.csv.dta not found)
file tennis_1464766.csv.dta saved
(15 vars, 698 obs)
(note: file tennis_1464769.csv.dta not found)
file tennis_1464769.csv.dta saved
(15 vars, 729 obs)
(note: file tennis_1464772.csv.dta not found)
file tennis_1464772.csv.dta saved
(15 vars, 736 obs)
(note: file tennis_1464775.csv.dta not found)
file tennis_1464775.csv.dta saved
(15 vars, 743 obs)
(note: file tennis_1464778.csv.dta not found)
file tennis_1464778.csv.dta saved
(15 vars, 683 obs)
(note: file tennis_1608215.csv.dta not found)
file tennis_1608215.csv.dta saved
(15 vars, 722 obs)
(note: file tennis_1608218.csv.dta not found)
file tennis_1608218.csv.dta saved
(15 vars, 735 obs)
(note: file tennis_1608221.csv.dta not found)
file tennis_1608221.csv.dta saved
(15 vars, 664 obs)
(note: file tennis_1608224.csv.dta not found)
file tennis_1608224.csv.dta saved
(15 vars, 684 obs)
(note: file tennis_1608227.csv.dta not found)
file tennis_1608227.csv.dta saved
(15 vars, 709 obs)
(note: file tennis_1608230.csv.dta not found)
file tennis_1608230.csv.dta saved
(15 vars, 742 obs)
(note: file tennis_1608233.csv.dta not found)
file tennis_1608233.csv.dta saved
(15 vars, 740 obs)
(note: file tennis_1608236.csv.dta not found)
file tennis_1608236.csv.dta saved
(15 vars, 566 obs)
(note: file tennis_188233.csv.dta not found)
file tennis_188233.csv.dta saved
(15 vars, 655 obs)
(note: file tennis_188234.csv.dta not found)
file tennis_188234.csv.dta saved
(15 vars, 677 obs)
(note: file tennis_188235.csv.dta not found)
file tennis_188235.csv.dta saved
(15 vars, 659 obs)
(note: file tennis_188236.csv.dta not found)
file tennis_188236.csv.dta saved
(15 vars, 622 obs)
(note: file tennis_188237.csv.dta not found)
file tennis_188237.csv.dta saved
(15 vars, 680 obs)
(note: file tennis_188238.csv.dta not found)
file tennis_188238.csv.dta saved
(15 vars, 709 obs)
(note: file tennis_188239.csv.dta not found)
file tennis_188239.csv.dta saved
(15 vars, 709 obs)
(note: file tennis_188240.csv.dta not found)
file tennis_188240.csv.dta saved
(15 vars, 623 obs)
(note: file tennis_286531.csv.dta not found)
file tennis_286531.csv.dta saved
(15 vars, 681 obs)
(note: file tennis_286532.csv.dta not found)
file tennis_286532.csv.dta saved
(15 vars, 721 obs)
(note: file tennis_286533.csv.dta not found)
file tennis_286533.csv.dta saved
(15 vars, 637 obs)
(note: file tennis_286535.csv.dta not found)
file tennis_286535.csv.dta saved
(15 vars, 714 obs)
(note: file tennis_286536.csv.dta not found)
file tennis_286536.csv.dta saved
(15 vars, 751 obs)
(note: file tennis_286537.csv.dta not found)
file tennis_286537.csv.dta saved
(15 vars, 717 obs)
(note: file tennis_286538.csv.dta not found)
file tennis_286538.csv.dta saved
(15 vars, 703 obs)
(note: file tennis_286791.csv.dta not found)
file tennis_286791.csv.dta saved
(15 vars, 655 obs)
(note: file tennis_410765.csv.dta not found)
file tennis_410765.csv.dta saved
(15 vars, 683 obs)
(note: file tennis_410766.csv.dta not found)
file tennis_410766.csv.dta saved
(15 vars, 706 obs)
(note: file tennis_410767.csv.dta not found)
file tennis_410767.csv.dta saved
(15 vars, 714 obs)
(note: file tennis_410768.csv.dta not found)
file tennis_410768.csv.dta saved
(15 vars, 684 obs)
(note: file tennis_410769.csv.dta not found)
file tennis_410769.csv.dta saved
(15 vars, 724 obs)
(note: file tennis_410770.csv.dta not found)
file tennis_410770.csv.dta saved
(15 vars, 751 obs)
(note: file tennis_410771.csv.dta not found)
file tennis_410771.csv.dta saved
(15 vars, 694 obs)
(note: file tennis_410772.csv.dta not found)
file tennis_410772.csv.dta saved
(15 vars, 945 obs)
(note: file tennis_561468.csv.dta not found)
file tennis_561468.csv.dta saved
(15 vars, 744 obs)
(note: file tennis_564071.csv.dta not found)
file tennis_564071.csv.dta saved
(15 vars, 890 obs)
(note: file tennis_564074.csv.dta not found)
file tennis_564074.csv.dta saved
(15 vars, 911 obs)
(note: file tennis_564077.csv.dta not found)
file tennis_564077.csv.dta saved
(15 vars, 771 obs)
(note: file tennis_564080.csv.dta not found)
file tennis_564080.csv.dta saved
(15 vars, 785 obs)
(note: file tennis_564083.csv.dta not found)
file tennis_564083.csv.dta saved
(15 vars, 872 obs)
(note: file tennis_564086.csv.dta not found)
file tennis_564086.csv.dta saved
(15 vars, 839 obs)
(note: file tennis_564089.csv.dta not found)
file tennis_564089.csv.dta saved
(15 vars, 653 obs)
(note: file tennis_693618.csv.dta not found)
file tennis_693618.csv.dta saved
(15 vars, 725 obs)
(note: file tennis_693621.csv.dta not found)
file tennis_693621.csv.dta saved
(15 vars, 744 obs)
(note: file tennis_693624.csv.dta not found)
file tennis_693624.csv.dta saved
(15 vars, 755 obs)
(note: file tennis_693627.csv.dta not found)
file tennis_693627.csv.dta saved
(15 vars, 705 obs)
(note: file tennis_693630.csv.dta not found)
file tennis_693630.csv.dta saved
(15 vars, 759 obs)
(note: file tennis_693633.csv.dta not found)
file tennis_693633.csv.dta saved
(15 vars, 824 obs)
(note: file tennis_693636.csv.dta not found)
file tennis_693636.csv.dta saved
(15 vars, 813 obs)
(note: file tennis_693639.csv.dta not found)
file tennis_693639.csv.dta saved
(15 vars, 652 obs)
(note: file tennis_839174.csv.dta not found)
file tennis_839174.csv.dta saved
(15 vars, 746 obs)
(note: file tennis_839177.csv.dta not found)
file tennis_839177.csv.dta saved
(15 vars, 789 obs)
(note: file tennis_839180.csv.dta not found)
file tennis_839180.csv.dta saved
(15 vars, 759 obs)
(note: file tennis_839183.csv.dta not found)
file tennis_839183.csv.dta saved
(15 vars, 694 obs)
(note: file tennis_839186.csv.dta not found)
file tennis_839186.csv.dta saved
(15 vars, 768 obs)
(note: file tennis_839189.csv.dta not found)
file tennis_839189.csv.dta saved
(15 vars, 815 obs)
(note: file tennis_839192.csv.dta not found)
file tennis_839192.csv.dta saved
(15 vars, 805 obs)
(note: file tennis_839195.csv.dta not found)
file tennis_839195.csv.dta saved
(15 vars, 426 obs)
(note: file tennis_93319.csv.dta not found)
file tennis_93319.csv.dta saved
(15 vars, 470 obs)
(note: file tennis_93320.csv.dta not found)
file tennis_93320.csv.dta saved
(15 vars, 495 obs)
(note: file tennis_93321.csv.dta not found)
file tennis_93321.csv.dta saved
(15 vars, 448 obs)
(note: file tennis_93322.csv.dta not found)
file tennis_93322.csv.dta saved
(15 vars, 424 obs)
(note: file tennis_93323.csv.dta not found)
file tennis_93323.csv.dta saved
(15 vars, 458 obs)
(note: file tennis_93324.csv.dta not found)
file tennis_93324.csv.dta saved
(15 vars, 497 obs)
(note: file tennis_93325.csv.dta not found)
file tennis_93325.csv.dta saved
(15 vars, 489 obs)
(note: file tennis_93326.csv.dta not found)
file tennis_93326.csv.dta saved
(15 vars, 658 obs)
(note: file tennis_997349.csv.dta not found)
file tennis_997349.csv.dta saved
(15 vars, 694 obs)
(note: file tennis_997352.csv.dta not found)
file tennis_997352.csv.dta saved
(15 vars, 780 obs)
(note: file tennis_997355.csv.dta not found)
file tennis_997355.csv.dta saved
(15 vars, 717 obs)
(note: file tennis_997358.csv.dta not found)
file tennis_997358.csv.dta saved
(15 vars, 686 obs)
(note: file tennis_997361.csv.dta not found)
file tennis_997361.csv.dta saved
(15 vars, 746 obs)
(note: file tennis_997364.csv.dta not found)
file tennis_997364.csv.dta saved
(15 vars, 777 obs)
(note: file tennis_997367.csv.dta not found)
file tennis_997367.csv.dta saved
(15 vars, 781 obs)
(note: file tennis_997370.csv.dta not found)
file tennis_997370.csv.dta saved

. 
. /********************** Section 3: Append data ******************************/
. 
. clear all

. local files : dir "`input_dir'\" files "*.dta"

. foreach file in `files'{
  2.         append using "`file'"
  3.         }
competition_group was str8 now str9
home_city was str20 now str22
list_title was str34 now str35
name was str29 now str33
home_state was str2 now str6
home_state was str6 now str13
name was str33 now str40
home_state was str13 now str15
home_state was str15 now str16
home_city was str22 now str23
list_publication_time was str88 now str89
competition_month was str7 now str8
home_city was str23 now str25
home_city was str25 now str28

.         
. ********
. * Save *
. ********
. 
. save "master_list.dta", replace
(note: file master_list.dta not found)
file master_list.dta saved

. 
. log close
      name:  <unnamed>
       log:  C:\Users\Chong An\Documents\GitHub\stata_practice\build_dataset\temp/append.log
  log type:  text
 closed on:  23 Jun 2017, 19:52:59
---------------------------------------------------------------------------------------------------------------------------------
